<html>
<body>
<pre>
<h1>µVision Build Log</h1>
<h2>Project:</h2>
D:\Codes\Codes\Microcontroller\LPC2148\lcd\lcd.uvproj
Project File Date:  11/10/2022

<h2>Output:</h2>
Rebuild target 'Target 1'
assembling Startup.s...
compiling lcd.c...
lcd.c(75): warning:  #1-D: last line of file ends without a newline
linking...
Program Size: Code=1176 RO-data=16 RW-data=0 ZI-data=1256  
FromELF: creating hex file...
"lcd.axf" - 0 Error(s), 1 Warning(s).
compiling lcd.c...
lcd.c(75): warning:  #1-D: last line of file ends without a newline
lcd.c - 0 Error(s), 1 Warning(s).
Build target 'Target 1'
linking...
Program Size: Code=1188 RO-data=16 RW-data=0 ZI-data=1256  
FromELF: creating hex file...
"lcd.axf" - 0 Error(s), 0 Warning(s).
Rebuild target 'Target 1'
assembling Startup.s...
compiling lcd.c...
lcd.c(75): warning:  #1-D: last line of file ends without a newline
linking...
Program Size: Code=1188 RO-data=16 RW-data=0 ZI-data=1256  
FromELF: creating hex file...
"lcd.axf" - 0 Error(s), 1 Warning(s).
Rebuild target 'Target 1'
assembling Startup.s...
compiling lcd.c...
lcd.c(75): warning:  #1-D: last line of file ends without a newline
linking...
Program Size: Code=1188 RO-data=16 RW-data=0 ZI-data=1256  
FromELF: creating hex file...
"lcd.axf" - 0 Error(s), 1 Warning(s).
Rebuild target 'Target 1'
assembling Startup.s...
compiling lcd.c...
lcd.c(75): warning:  #1-D: last line of file ends without a newline
linking...
Program Size: Code=1188 RO-data=16 RW-data=0 ZI-data=1256  
FromELF: creating hex file...
"lcd.axf" - 0 Error(s), 1 Warning(s).
Rebuild target 'Target 1'
assembling Startup.s...
compiling lcd.c...
lcd.c(77): warning:  #1-D: last line of file ends without a newline
linking...
Program Size: Code=1188 RO-data=16 RW-data=0 ZI-data=1256  
FromELF: creating hex file...
"lcd.axf" - 0 Error(s), 1 Warning(s).
