<html>
<body>
<pre>
<h1>µVision Build Log</h1>
<h2>Project:</h2>
D:\ESD\Led_Switch\Led_Switch.uvproj
Project File Date:  10/27/2022

<h2>Output:</h2>
compiling Led_Switch.c...
Led_Switch.c(20): warning:  #1-D: last line of file ends without a newline
Led_Switch.c - 0 Error(s), 1 Warning(s).
Rebuild target 'Target 1'
assembling Startup.s...
compiling Led_Switch.c...
Led_Switch.c(20): warning:  #1-D: last line of file ends without a newline
linking...
Program Size: Code=760 RO-data=16 RW-data=0 ZI-data=1256  
"Led_Switch.axf" - 0 Error(s), 1 Warning(s).
Rebuild target 'Target 1'
assembling Startup.s...
compiling Led_Switch.c...
Led_Switch.c(20): warning:  #1-D: last line of file ends without a newline
linking...
Program Size: Code=760 RO-data=16 RW-data=0 ZI-data=1256  
FromELF: creating hex file...
"Led_Switch.axf" - 0 Error(s), 1 Warning(s).
Rebuild target 'Target 1'
assembling Startup.s...
compiling Led_Switch.c...
Led_Switch.c(20): warning:  #1-D: last line of file ends without a newline
linking...
Program Size: Code=768 RO-data=16 RW-data=0 ZI-data=1256  
FromELF: creating hex file...
"Led_Switch.axf" - 0 Error(s), 1 Warning(s).
Rebuild target 'Target 1'
assembling Startup.s...
compiling Led_Switch.c...
Led_Switch.c(20): warning:  #1-D: last line of file ends without a newline
linking...
Program Size: Code=768 RO-data=16 RW-data=0 ZI-data=1256  
FromELF: creating hex file...
"Led_Switch.axf" - 0 Error(s), 1 Warning(s).
