<html>
<body>
<pre>
<h1>µVision Build Log</h1>
<h2>Project:</h2>
F:\Codes\Codes\Codes\Microcontroller\LPC2148\pratical\experiment_3\expt_3.uvproj
Project File Date:  11/23/2022

<h2>Output:</h2>
Rebuild target 'Target 1'
assembling expt_3.asm...
linking...
expt_3.axf: Warning: L6305W: Image does not have an entry point. (Not specified or not set due to multiple choices.)
expt_3.sct(8): warning: L6314W: No section matches pattern *(InRoot$$Sections).
Program Size: Code=52 RO-data=0 RW-data=0 ZI-data=0  
"expt_3.axf" - 0 Error(s), 2 Warning(s).
