<html>
<body>
<pre>
<h1>µVision Build Log</h1>
<h2>Project:</h2>
F:\Codes\Codes\Codes\Microcontroller\LPC2148\Stepper_motor\stepper_motor.uvproj
Project File Date:  11/25/2022

<h2>Output:</h2>
Rebuild target 'Target 1'
assembling Startup.s...
compiling stepper_motor.c...
stepper_motor.c(17): error:  #29: expected an expression
stepper_motor.c(17): error:  #20: identifier "ck" is undefined
stepper_motor.c(19): error:  #29: expected an expression
stepper_motor.c(19): error:  #20: identifier "j" is undefined
stepper_motor.c(21): error:  #20: identifier "i" is undefined
stepper_motor.c(26): error:  #29: expected an expression
stepper_motor.c(26): error:  #20: identifier "ack" is undefined
stepper_motor.c(28): error:  #29: expected an expression
stepper_motor.c(28): error:  #20: identifier "j" is undefined
stepper_motor.c(30): error:  #20: identifier "i" is undefined
stepper_motor.c(40): error:  #29: expected an expression
stepper_motor.c(40): error:  #20: identifier "i" is undefined
stepper_motor.c(41): error:  #29: expected an expression
stepper_motor.c(41): error:  #20: identifier "d" is undefined
stepper_motor.c(42): warning:  #1-D: last line of file ends without a newline
Target not created
Rebuild target 'Target 1'
assembling Startup.s...
compiling stepper_motor.c...
stepper_motor.c(17): error:  #29: expected an expression
stepper_motor.c(17): error:  #20: identifier "ck" is undefined
stepper_motor.c(19): error:  #29: expected an expression
stepper_motor.c(19): error:  #20: identifier "j" is undefined
stepper_motor.c(21): error:  #20: identifier "i" is undefined
stepper_motor.c(26): error:  #29: expected an expression
stepper_motor.c(26): error:  #20: identifier "ack" is undefined
stepper_motor.c(28): error:  #29: expected an expression
stepper_motor.c(28): error:  #20: identifier "j" is undefined
stepper_motor.c(30): error:  #20: identifier "i" is undefined
stepper_motor.c(40): error:  #29: expected an expression
stepper_motor.c(40): error:  #20: identifier "i" is undefined
stepper_motor.c(42): error:  #29: expected an expression
stepper_motor.c(42): error:  #20: identifier "d" is undefined
stepper_motor.c(44): warning:  #1-D: last line of file ends without a newline
Target not created
Rebuild target 'Target 1'
assembling Startup.s...
compiling stepper_motor.c...
stepper_motor.c(19): error:  #29: expected an expression
stepper_motor.c(19): error:  #20: identifier "ck" is undefined
stepper_motor.c(21): error:  #29: expected an expression
stepper_motor.c(21): error:  #20: identifier "j" is undefined
stepper_motor.c(23): error:  #20: identifier "i" is undefined
stepper_motor.c(28): error:  #29: expected an expression
stepper_motor.c(28): error:  #20: identifier "ack" is undefined
stepper_motor.c(30): error:  #29: expected an expression
stepper_motor.c(30): error:  #20: identifier "j" is undefined
stepper_motor.c(32): error:  #20: identifier "i" is undefined
stepper_motor.c(42): error:  #29: expected an expression
stepper_motor.c(42): error:  #20: identifier "i" is undefined
stepper_motor.c(44): error:  #29: expected an expression
stepper_motor.c(44): error:  #20: identifier "d" is undefined
stepper_motor.c(46): warning:  #1-D: last line of file ends without a newline
Target not created
Rebuild target 'Target 1'
assembling Startup.s...
compiling stepper_motor.c...
stepper_motor.c(19): error:  #29: expected an expression
stepper_motor.c(21): error:  #29: expected an expression
stepper_motor.c(28): error:  #29: expected an expression
stepper_motor.c(30): error:  #29: expected an expression
stepper_motor.c(42): error:  #29: expected an expression
stepper_motor.c(44): error:  #29: expected an expression
stepper_motor.c(46): warning:  #1-D: last line of file ends without a newline
Target not created
Rebuild target 'Target 1'
assembling Startup.s...
compiling stepper_motor.c...
stepper_motor.c(46): warning:  #1-D: last line of file ends without a newline
linking...
stepper_motor.axf: Error: L6218E: Undefined symbol delay (referred from stepper_motor.o).
Target not created
Rebuild target 'Target 1'
assembling Startup.s...
compiling stepper_motor.c...
stepper_motor.c(46): warning:  #1-D: last line of file ends without a newline
linking...
stepper_motor.axf: Error: L6218E: Undefined symbol delay (referred from stepper_motor.o).
Target not created
Rebuild target 'Target 1'
assembling Startup.s...
compiling stepper_motor.c...
linking...
stepper_motor.axf: Error: L6218E: Undefined symbol delay (referred from stepper_motor.o).
Target not created
Rebuild target 'Target 1'
assembling Startup.s...
compiling stepper_motor.c...
linking...
stepper_motor.axf: Error: L6218E: Undefined symbol delay (referred from stepper_motor.o).
Target not created
Rebuild target 'Target 1'
assembling Startup.s...
compiling stepper_motor.c...
linking...
stepper_motor.axf: Error: L6218E: Undefined symbol delay (referred from stepper_motor.o).
Target not created
Rebuild target 'Target 1'
assembling Startup.s...
compiling stepper_motor.c...
stepper_motor.c(46): warning:  #1-D: last line of file ends without a newline
linking...
stepper_motor.axf: Error: L6218E: Undefined symbol delay (referred from stepper_motor.o).
Target not created
Build target 'Target 1'
compiling stepper_motor.c...
stepper_motor.c(44): warning:  #1-D: last line of file ends without a newline
linking...
stepper_motor.axf: Error: L6218E: Undefined symbol delay (referred from stepper_motor.o).
Target not created
Rebuild target 'Target 1'
assembling Startup.s...
compiling stepper_motor.c...
stepper_motor.c(44): warning:  #1-D: last line of file ends without a newline
linking...
stepper_motor.axf: Error: L6218E: Undefined symbol delay (referred from stepper_motor.o).
Target not created
Rebuild target 'Target 1'
assembling Startup.s...
compiling stepper_motor.c...
stepper_motor.c(4): error:  #130: expected a "{"
stepper_motor.c(4): warning:  #174-D: expression has no effect
stepper_motor.c(4): warning:  #174-D: expression has no effect
stepper_motor.c(4): warning:  #174-D: expression has no effect
stepper_motor.c(4): warning:  #174-D: expression has no effect
stepper_motor.c(4): error:  #65: expected a ";"
stepper_motor.c(21): error:  #20: identifier "j" is undefined
stepper_motor.c(23): error:  #20: identifier "clockwise" is undefined
stepper_motor.c(23): error:  #20: identifier "i" is undefined
stepper_motor.c(30): error:  #20: identifier "j" is undefined
stepper_motor.c(32): error:  #20: identifier "clockwise" is undefined
stepper_motor.c(32): error:  #20: identifier "i" is undefined
stepper_motor.c(40): error:  #247: function "delay" has already been defined
Target not created
Rebuild target 'Target 1'
assembling Startup.s...
compiling stepper_motor.c...
stepper_motor.c(4): error:  #130: expected a "{"
stepper_motor.c(4): warning:  #174-D: expression has no effect
stepper_motor.c(4): warning:  #174-D: expression has no effect
stepper_motor.c(4): warning:  #174-D: expression has no effect
stepper_motor.c(4): warning:  #174-D: expression has no effect
stepper_motor.c(4): error:  #65: expected a ";"
stepper_motor.c(21): error:  #20: identifier "j" is undefined
stepper_motor.c(23): error:  #20: identifier "clockwise" is undefined
stepper_motor.c(30): error:  #20: identifier "j" is undefined
stepper_motor.c(32): error:  #20: identifier "clockwise" is undefined
stepper_motor.c(40): error:  #247: function "delay" has already been defined
Target not created
Rebuild target 'Target 1'
assembling Startup.s...
compiling stepper_motor.c...
stepper_motor.c(4): error:  #130: expected a "{"
stepper_motor.c(4): warning:  #174-D: expression has no effect
stepper_motor.c(4): warning:  #174-D: expression has no effect
stepper_motor.c(4): warning:  #174-D: expression has no effect
stepper_motor.c(4): warning:  #174-D: expression has no effect
stepper_motor.c(4): error:  #65: expected a ";"
stepper_motor.c(21): error:  #20: identifier "j" is undefined
stepper_motor.c(23): error:  #20: identifier "clockwise" is undefined
stepper_motor.c(30): error:  #20: identifier "j" is undefined
stepper_motor.c(40): error:  #247: function "delay" has already been defined
Target not created
Rebuild target 'Target 1'
assembling Startup.s...
compiling stepper_motor.c...
stepper_motor.c(21): error:  #20: identifier "j" is undefined
stepper_motor.c(30): error:  #20: identifier "j" is undefined
Target not created
Rebuild target 'Target 1'
assembling Startup.s...
compiling stepper_motor.c...
linking...
Program Size: Code=1152 RO-data=32 RW-data=24 ZI-data=1256  
"stepper_motor.axf" - 0 Error(s), 0 Warning(s).
Rebuild target 'Target 1'
assembling Startup.s...
compiling stepper_motor.c...
linking...
Program Size: Code=1152 RO-data=32 RW-data=24 ZI-data=1256  
FromELF: creating hex file...
"stepper_motor.axf" - 0 Error(s), 0 Warning(s).
Rebuild target 'Target 1'
assembling Startup.s...
compiling stepper_motor.c...
linking...
Program Size: Code=1156 RO-data=32 RW-data=24 ZI-data=1256  
FromELF: creating hex file...
"stepper_motor.axf" - 0 Error(s), 0 Warning(s).
Rebuild target 'Target 1'
assembling Startup.s...
compiling stepper_motor.c...
linking...
Program Size: Code=1156 RO-data=32 RW-data=24 ZI-data=1256  
FromELF: creating hex file...
"stepper_motor.axf" - 0 Error(s), 0 Warning(s).
Rebuild target 'Target 1'
assembling Startup.s...
compiling stepper_motor.c...
linking...
Program Size: Code=1156 RO-data=32 RW-data=24 ZI-data=1256  
FromELF: creating hex file...
"stepper_motor.axf" - 0 Error(s), 0 Warning(s).
Rebuild target 'Target 1'
assembling Startup.s...
compiling stepper_motor.c...
stepper_motor.c(39): error:  #29: expected an expression
stepper_motor.c(39): error:  #20: identifier "j" is undefined
stepper_motor.c(43): error:  #29: expected an expression
stepper_motor.c(43): error:  #20: identifier "i" is undefined
stepper_motor.c(55): error:  #29: expected an expression
stepper_motor.c(55): error:  #20: identifier "z" is undefined
stepper_motor.c(59): error:  #29: expected an expression
stepper_motor.c(59): error:  #20: identifier "i" is undefined
Target not created
Rebuild target 'Target 1'
assembling Startup.s...
compiling stepper_motor.c...
stepper_motor.c(39): error:  #29: expected an expression
stepper_motor.c(43): error:  #29: expected an expression
stepper_motor.c(55): error:  #29: expected an expression
stepper_motor.c(59): error:  #29: expected an expression
Target not created
Rebuild target 'Target 1'
assembling Startup.s...
compiling stepper_motor.c...
linking...
Program Size: Code=1124 RO-data=32 RW-data=24 ZI-data=1256  
FromELF: creating hex file...
"stepper_motor.axf" - 0 Error(s), 0 Warning(s).
Rebuild target 'Target 1'
assembling Startup.s...
compiling stepper_motor.c...
linking...
Program Size: Code=1156 RO-data=32 RW-data=24 ZI-data=1256  
FromELF: creating hex file...
"stepper_motor.axf" - 0 Error(s), 0 Warning(s).
Rebuild target 'Target 1'
assembling Startup.s...
compiling stepper_motor.c...
linking...
Program Size: Code=1156 RO-data=32 RW-data=24 ZI-data=1256  
FromELF: creating hex file...
"stepper_motor.axf" - 0 Error(s), 0 Warning(s).
Rebuild target 'Target 1'
assembling Startup.s...
compiling stepper_motor.c...
linking...
Program Size: Code=1152 RO-data=32 RW-data=24 ZI-data=1256  
FromELF: creating hex file...
"stepper_motor.axf" - 0 Error(s), 0 Warning(s).
Rebuild target 'Target 1'
assembling Startup.s...
compiling stepper_motor.c...
linking...
Program Size: Code=1152 RO-data=32 RW-data=24 ZI-data=1256  
FromELF: creating hex file...
"stepper_motor.axf" - 0 Error(s), 0 Warning(s).
