<html>
<body>
<pre>
<h1>µVision Build Log</h1>
<h2>Project:</h2>
F:\Codes\Codes\Codes\Microcontroller\LPC2148\DAC\DAC.uvproj
Project File Date:  11/25/2022

<h2>Output:</h2>
Rebuild target 'Target 1'
assembling Startup.s...
compiling DAC.c...
DAC.c(8): warning:  #9-D: nested comment is not allowed
DAC.c(17): warning:  #9-D: nested comment is not allowed
DAC.c(50): error:  #268: declaration may not appear after executable statement in block
DAC.c(104): warning:  #1-D: last line of file ends without a newline
Target not created
Rebuild target 'Target 1'
assembling Startup.s...
compiling DAC.c...
DAC.c(8): warning:  #9-D: nested comment is not allowed
DAC.c(17): warning:  #9-D: nested comment is not allowed
DAC.c(50): error:  #268: declaration may not appear after executable statement in block
DAC.c(103): warning:  #1-D: last line of file ends without a newline
Target not created
Rebuild target 'Target 1'
assembling Startup.s...
compiling DAC.c...
DAC.c(8): warning:  #9-D: nested comment is not allowed
DAC.c(8): warning:  #9-D: nested comment is not allowed
DAC.c(17): warning:  #9-D: nested comment is not allowed
DAC.c(50): error:  #268: declaration may not appear after executable statement in block
DAC.c(103): warning:  #1-D: last line of file ends without a newline
Target not created
Rebuild target 'Target 1'
assembling Startup.s...
compiling DAC.c...
DAC.c(50): error:  #268: declaration may not appear after executable statement in block
DAC.c(103): warning:  #1-D: last line of file ends without a newline
Target not created
Rebuild target 'Target 1'
assembling Startup.s...
compiling DAC.c...
DAC.c(92): warning:  #1-D: last line of file ends without a newline
DAC.c(46): warning:  #550-D: variable "i" was set but never used
linking...
Program Size: Code=1068 RO-data=16 RW-data=0 ZI-data=1256  
FromELF: creating hex file...
"DAC.axf" - 0 Error(s), 2 Warning(s).
Rebuild target 'Target 1'
assembling Startup.s...
compiling DAC.c...
DAC.c(28): warning:  #1-D: last line of file ends without a newline
DAC.c(15): warning:  #550-D: variable "i" was set but never used
linking...
Program Size: Code=828 RO-data=16 RW-data=0 ZI-data=1256  
FromELF: creating hex file...
"DAC.axf" - 0 Error(s), 2 Warning(s).
Rebuild target 'Target 1'
assembling Startup.s...
compiling DAC.c...
DAC.c(63): warning:  #1-D: last line of file ends without a newline
linking...
Program Size: Code=1024 RO-data=16 RW-data=0 ZI-data=1256  
FromELF: creating hex file...
"DAC.axf" - 0 Error(s), 1 Warning(s).
Rebuild target 'Target 1'
assembling Startup.s...
compiling DAC.c...
DAC.c(28): warning:  #1-D: last line of file ends without a newline
DAC.c(15): warning:  #550-D: variable "i" was set but never used
linking...
Program Size: Code=828 RO-data=16 RW-data=0 ZI-data=1256  
FromELF: creating hex file...
"DAC.axf" - 0 Error(s), 2 Warning(s).
