<html>
<body>
<pre>
<h1>µVision Build Log</h1>
<h2>Project:</h2>
F:\Codes\Codes\Codes\Microcontroller\LPC2148\pratical\experiment_4\EXPT_4.uvproj
Project File Date:  11/27/2022

<h2>Output:</h2>
Rebuild target 'Target 1'
assembling EXPT_4.asm...
linking...
EXPT_4.axf: Warning: L6305W: Image does not have an entry point. (Not specified or not set due to multiple choices.)
EXPT_4.sct(8): warning: L6314W: No section matches pattern *(InRoot$$Sections).
Program Size: Code=40 RO-data=0 RW-data=0 ZI-data=0  
"EXPT_4.axf" - 0 Error(s), 2 Warning(s).
