<html>
<body>
<pre>
<h1>µVision Build Log</h1>
<h2>Project:</h2>
F:\Codes\Codes\Codes\Microcontroller\LPC2148\pratical\experiment_2\expt_2.uvproj
Project File Date:  11/23/2022

<h2>Output:</h2>
Rebuild target 'Target 1'
assembling add.asm...
add.asm(2): error: A1163E: Unknown opcode START , expecting opcode or Macro
add.asm(3): error: A1510E: Immediate 0x033C888D cannot be represented by 0-255 and a rotation
add.asm(4): error: A1510E: Immediate 0x035A5C6A cannot be represented by 0-255 and a rotation
Target not created
Rebuild target 'Target 1'
assembling add.asm...
add.asm(2): error: A1163E: Unknown opcode START , expecting opcode or Macro
add.asm(3): error: A1510E: Immediate 0x033C888D cannot be represented by 0-255 and a rotation
add.asm(4): error: A1510E: Immediate 0x0378D260 cannot be represented by 0-255 and a rotation
Target not created
Rebuild target 'Target 1'
assembling add.asm...
add.asm(2): error: A1163E: Unknown opcode START , expecting opcode or Macro
add.asm(3): error: A1510E: Immediate 0x00001535 cannot be represented by 0-255 and a rotation
Target not created
Rebuild target 'Target 1'
assembling add.asm...
add.asm(2): error: A1163E: Unknown opcode START , expecting opcode or Macro
Target not created
Rebuild target 'Target 1'
assembling add.asm...
linking...
expt_2.axf: Warning: L6305W: Image does not have an entry point. (Not specified or not set due to multiple choices.)
expt_2.sct(8): warning: L6314W: No section matches pattern *(InRoot$$Sections).
Program Size: Code=12 RO-data=0 RW-data=0 ZI-data=0  
"expt_2.axf" - 0 Error(s), 2 Warning(s).
Rebuild target 'Target 1'
assembling add.asm...
add.asm(3): error: A1510E: Immediate 0x00001535 cannot be represented by 0-255 and a rotation
Target not created
Rebuild target 'Target 1'
assembling add.asm...
add.asm(3): error: A1510E: Immediate 0x0000021E cannot be represented by 0-255 and a rotation
add.asm(4): error: A1510E: Immediate 0x00000246 cannot be represented by 0-255 and a rotation
Target not created
Rebuild target 'Target 1'
assembling add.asm...
add.asm(2): error: A1163E: Unknown opcode START , expecting opcode or Macro
Target not created
Rebuild target 'Target 1'
assembling add.asm...
linking...
expt_2.axf: Warning: L6305W: Image does not have an entry point. (Not specified or not set due to multiple choices.)
expt_2.sct(8): warning: L6314W: No section matches pattern *(InRoot$$Sections).
Program Size: Code=20 RO-data=0 RW-data=0 ZI-data=0  
"expt_2.axf" - 0 Error(s), 2 Warning(s).
Rebuild target 'Target 1'
assembling add.asm...
linking...
expt_2.axf: Warning: L6305W: Image does not have an entry point. (Not specified or not set due to multiple choices.)
expt_2.sct(8): warning: L6314W: No section matches pattern *(InRoot$$Sections).
Program Size: Code=20 RO-data=0 RW-data=0 ZI-data=0  
"expt_2.axf" - 0 Error(s), 2 Warning(s).
Rebuild target 'Target 1'
assembling add.asm...
linking...
expt_2.axf: Warning: L6305W: Image does not have an entry point. (Not specified or not set due to multiple choices.)
expt_2.sct(8): warning: L6314W: No section matches pattern *(InRoot$$Sections).
Program Size: Code=20 RO-data=0 RW-data=0 ZI-data=0  
"expt_2.axf" - 0 Error(s), 2 Warning(s).
Rebuild target 'Target 1'
assembling add.asm...
linking...
expt_2.axf: Warning: L6305W: Image does not have an entry point. (Not specified or not set due to multiple choices.)
expt_2.sct(8): warning: L6314W: No section matches pattern *(InRoot$$Sections).
Program Size: Code=12 RO-data=0 RW-data=0 ZI-data=0  
"expt_2.axf" - 0 Error(s), 2 Warning(s).
Rebuild target 'Target 1'
assembling mul.asm...
linking...
expt_2.axf: Warning: L6305W: Image does not have an entry point. (Not specified or not set due to multiple choices.)
expt_2.sct(8): warning: L6314W: No section matches pattern *(InRoot$$Sections).
Program Size: Code=12 RO-data=0 RW-data=0 ZI-data=0  
"expt_2.axf" - 0 Error(s), 2 Warning(s).
Rebuild target 'Target 1'
assembling mul.asm...
linking...
expt_2.axf: Warning: L6305W: Image does not have an entry point. (Not specified or not set due to multiple choices.)
expt_2.sct(8): warning: L6314W: No section matches pattern *(InRoot$$Sections).
Program Size: Code=12 RO-data=0 RW-data=0 ZI-data=0  
"expt_2.axf" - 0 Error(s), 2 Warning(s).
Rebuild target 'Target 1'
assembling mul.asm...
linking...
expt_2.axf: Warning: L6305W: Image does not have an entry point. (Not specified or not set due to multiple choices.)
expt_2.sct(8): warning: L6314W: No section matches pattern *(InRoot$$Sections).
Program Size: Code=12 RO-data=0 RW-data=0 ZI-data=0  
"expt_2.axf" - 0 Error(s), 2 Warning(s).
Rebuild target 'Target 1'
assembling div.asm...
linking...
expt_2.axf: Warning: L6305W: Image does not have an entry point. (Not specified or not set due to multiple choices.)
expt_2.sct(8): warning: L6314W: No section matches pattern *(InRoot$$Sections).
Program Size: Code=28 RO-data=0 RW-data=0 ZI-data=0  
"expt_2.axf" - 0 Error(s), 2 Warning(s).
Rebuild target 'Target 1'
assembling div.asm...
linking...
expt_2.axf: Warning: L6305W: Image does not have an entry point. (Not specified or not set due to multiple choices.)
expt_2.sct(8): warning: L6314W: No section matches pattern *(InRoot$$Sections).
Program Size: Code=28 RO-data=0 RW-data=0 ZI-data=0  
"expt_2.axf" - 0 Error(s), 2 Warning(s).
Rebuild target 'Target 1'
assembling div.asm...
linking...
expt_2.axf: Warning: L6305W: Image does not have an entry point. (Not specified or not set due to multiple choices.)
expt_2.sct(8): warning: L6314W: No section matches pattern *(InRoot$$Sections).
Program Size: Code=28 RO-data=0 RW-data=0 ZI-data=0  
"expt_2.axf" - 0 Error(s), 2 Warning(s).
Rebuild target 'Target 1'
assembling div.asm...
linking...
expt_2.axf: Warning: L6305W: Image does not have an entry point. (Not specified or not set due to multiple choices.)
expt_2.sct(8): warning: L6314W: No section matches pattern *(InRoot$$Sections).
Program Size: Code=32 RO-data=0 RW-data=0 ZI-data=0  
"expt_2.axf" - 0 Error(s), 2 Warning(s).
Rebuild target 'Target 1'
assembling div.asm...
linking...
expt_2.axf: Warning: L6305W: Image does not have an entry point. (Not specified or not set due to multiple choices.)
expt_2.sct(8): warning: L6314W: No section matches pattern *(InRoot$$Sections).
Program Size: Code=36 RO-data=0 RW-data=0 ZI-data=0  
"expt_2.axf" - 0 Error(s), 2 Warning(s).
Rebuild target 'Target 1'
assembling div.asm...
linking...
expt_2.axf: Warning: L6305W: Image does not have an entry point. (Not specified or not set due to multiple choices.)
expt_2.sct(8): warning: L6314W: No section matches pattern *(InRoot$$Sections).
Program Size: Code=36 RO-data=0 RW-data=0 ZI-data=0  
"expt_2.axf" - 0 Error(s), 2 Warning(s).
Rebuild target 'Target 1'
assembling div.asm...
linking...
expt_2.axf: Warning: L6305W: Image does not have an entry point. (Not specified or not set due to multiple choices.)
expt_2.sct(8): warning: L6314W: No section matches pattern *(InRoot$$Sections).
Program Size: Code=36 RO-data=0 RW-data=0 ZI-data=0  
"expt_2.axf" - 0 Error(s), 2 Warning(s).
Rebuild target 'Target 1'
assembling div.asm...
linking...
expt_2.axf: Warning: L6305W: Image does not have an entry point. (Not specified or not set due to multiple choices.)
expt_2.sct(8): warning: L6314W: No section matches pattern *(InRoot$$Sections).
Program Size: Code=36 RO-data=0 RW-data=0 ZI-data=0  
"expt_2.axf" - 0 Error(s), 2 Warning(s).
Rebuild target 'Target 1'
assembling div.asm...
linking...
expt_2.axf: Warning: L6305W: Image does not have an entry point. (Not specified or not set due to multiple choices.)
expt_2.sct(8): warning: L6314W: No section matches pattern *(InRoot$$Sections).
Program Size: Code=36 RO-data=0 RW-data=0 ZI-data=0  
"expt_2.axf" - 0 Error(s), 2 Warning(s).
Build target 'Target 1'
assembling div.asm...
linking...
expt_2.axf: Warning: L6305W: Image does not have an entry point. (Not specified or not set due to multiple choices.)
expt_2.sct(8): warning: L6314W: No section matches pattern *(InRoot$$Sections).
Program Size: Code=36 RO-data=0 RW-data=0 ZI-data=0  
"expt_2.axf" - 0 Error(s), 2 Warning(s).
Rebuild target 'Target 1'
assembling div.asm...
linking...
expt_2.axf: Warning: L6305W: Image does not have an entry point. (Not specified or not set due to multiple choices.)
expt_2.sct(8): warning: L6314W: No section matches pattern *(InRoot$$Sections).
Program Size: Code=36 RO-data=0 RW-data=0 ZI-data=0  
"expt_2.axf" - 0 Error(s), 2 Warning(s).
